// Jest Snapshot v1, https://goo.gl/fbAQLP

exports[`Login Screen renders correctly 1`] = `ShallowWrapper {}`;
