// Jest Snapshot v1, https://goo.gl/fbAQLP

exports[`List Screen should render with given state from Redux store 1`] = `
<View
  style={
    Object {
      "backgroundColor": "#ffffff",
      "borderRadius": 4,
      "elevation": 1,
      "flex": 1,
      "shadowColor": "#000000",
      "shadowOffset": Object {
        "height": 0.5,
        "width": 0,
      },
      "shadowOpacity": 0.24,
      "shadowRadius": 0.75,
    }
  }
>
  <View
    accessible={true}
    focusable={false}
    onClick={[Function]}
    onResponderGrant={[Function]}
    onResponderMove={[Function]}
    onResponderRelease={[Function]}
    onResponderTerminate={[Function]}
    onResponderTerminationRequest={[Function]}
    onStartShouldSetResponder={[Function]}
    style={
      Object {
        "flexGrow": 1,
      }
    }
  >
    <View
      style={
        Array [
          Object {
            "paddingHorizontal": 16,
          },
          Object {
            "paddingVertical": 16,
          },
          undefined,
        ]
      }
    >
      <Text
        style={
          Array [
            Object {
              "color": "#000000",
              "fontFamily": "System",
              "fontWeight": "400",
              "textAlign": "left",
            },
            Array [
              Object {
                "color": "rgba(0, 0, 0, 0.87)",
                "fontFamily": "System",
                "fontWeight": "500",
                "textAlign": "left",
                "writingDirection": "ltr",
              },
              Array [
                Object {
                  "fontSize": 20,
                  "letterSpacing": 0.15,
                  "lineHeight": 30,
                  "marginVertical": 2,
                },
                undefined,
              ],
              Array [
                Object {
                  "fontSize": 20,
                  "letterSpacing": 0.15,
                  "lineHeight": 30,
                  "marginVertical": 2,
                },
                undefined,
              ],
            ],
          ]
        }
      >
        There are no note
      </Text>
      <View
        data-test="button-create-new"
        style={
          Object {
            "backgroundColor": "#6200ee",
            "borderColor": "transparent",
            "borderRadius": 4,
            "borderStyle": "solid",
            "borderWidth": 0,
            "elevation": 2,
            "minWidth": 64,
            "shadowColor": "#000000",
            "shadowOffset": Object {
              "height": 0.75,
              "width": 0,
            },
            "shadowOpacity": 0.24,
            "shadowRadius": 1.5,
          }
        }
      >
        <View
          accessibilityRole="button"
          accessibilityStates={Array []}
          accessible={true}
          focusable={true}
          isTVSelectable={true}
          onClick={[Function]}
          onResponderGrant={[Function]}
          onResponderMove={[Function]}
          onResponderRelease={[Function]}
          onResponderTerminate={[Function]}
          onResponderTerminationRequest={[Function]}
          onStartShouldSetResponder={[Function]}
          style={
            Array [
              Object {
                "overflow": "hidden",
              },
              Object {
                "borderRadius": 4,
              },
            ]
          }
        >
          <View
            style={
              Array [
                Object {
                  "alignItems": "center",
                  "flexDirection": "row",
                  "justifyContent": "center",
                },
                undefined,
              ]
            }
          >
            <View
              style={
                Object {
                  "marginLeft": 12,
                  "marginRight": -4,
                  "width": 16,
                }
              }
            >
              <Text
                accessibilityElementsHidden={true}
                allowFontScaling={false}
                importantForAccessibility="no-hide-descendants"
                pointerEvents="none"
                style={
                  Array [
                    Object {
                      "color": "#ffffff",
                      "fontSize": 16,
                    },
                    Array [
                      Object {
                        "transform": Array [
                          Object {
                            "scaleX": 1,
                          },
                        ],
                      },
                      Object {
                        "backgroundColor": "transparent",
                      },
                    ],
                    Object {
                      "fontFamily": "Material Design Icons",
                      "fontStyle": "normal",
                      "fontWeight": "normal",
                    },
                    Object {},
                  ]
                }
              >
                Ôêï
              </Text>
            </View>
            <Text
              numberOfLines={1}
              style={
                Array [
                  Object {
                    "color": "#000000",
                    "fontFamily": "System",
                    "fontWeight": "400",
                    "textAlign": "left",
                  },
                  Array [
                    Object {
                      "letterSpacing": 1,
                      "marginHorizontal": 16,
                      "marginVertical": 9,
                      "textAlign": "center",
                    },
                    undefined,
                    Object {
                      "textTransform": "uppercase",
                    },
                    Object {
                      "color": "#ffffff",
                      "fontFamily": "System",
                      "fontWeight": "500",
                    },
                    Object {
                      "fontFamily": "System",
                      "fontWeight": "500",
                    },
                    undefined,
                  ],
                ]
              }
            >
              Create new note?
            </Text>
          </View>
        </View>
      </View>
    </View>
  </View>
</View>
`;
